// Jest Snapshot v1, https://goo.gl/fbAQLP

exports[`#movie should return a completed movie 1`] = `
Object {
  "adult": false,
  "backdrop_path": "/mVr0UiqyltcfqxbAUcLl9zWL8ah.jpg",
  "belongs_to_collection": Object {
    "backdrop_path": "/57zhlMYblPute6qb8v16ZmGSPVv.jpg",
    "id": 422837,
    "name": "Blade Runner Collection",
    "poster_path": "/foT46aJ7QPUFDl3CK8ArDl0JaZX.jpg",
  },
  "budget": 150000000,
  "cast": Array [
    "Ryan Gosling",
    "Harrison Ford",
    "Ana de Armas",
    "Robin Wright",
    "Jared Leto",
    "Sylvia Hoeks",
    "Mackenzie Davis",
    "Carla Juri",
    "Dave Bautista",
    "Lennie James",
    "Hiam Abbass",
    "David Dastmalchian",
    "Barkhad Abdi",
    "Wood Harris",
    "Tómas Lemarquis",
    "Edward James Olmos",
    "Sean Young",
    "Mark Arnold",
    "Krista Kosonen",
    "Elarica Johnson",
    "Kingston Taylor",
    "David Benson",
    "Ben Thompson",
    "Suzie Kennedy",
    "Stephen Triffitt",
    "Ellie Wright",
    "Loren Peta",
  ],
  "director": Array [
    "Denis Villeneuve",
  ],
  "genres": Array [
    "Action",
    "Mystery",
    "Science Fiction",
    "Thriller",
  ],
  "homepage": "http://bladerunnermovie.com/",
  "id": 335984,
  "imdb_id": "tt1856101",
  "music": Array [
    "Hans Zimmer",
    "Benjamin Wallfisch",
  ],
  "original_language": "en",
  "original_title": "Blade Runner 2049",
  "overview": "Thirty years after the events of the first film, a new blade runner, LAPD Officer K, unearths a long-buried secret that has the potential to plunge what's left of society into chaos. K's discovery leads him on a quest to find Rick Deckard, a former LAPD blade runner who has been missing for 30 years.",
  "popularity": 443.770778,
  "poster_path": "/aMpyrCizvSdc0UIMblJ1srVgAEF.jpg",
  "producer": Array [
    "Dana Belcastro",
    "Bill Carraro",
    "Tim Gamble",
    "Frank Giustra",
    "Broderick Johnson",
    "Andrew A. Kosove",
    "Carl Rogers",
    "Ridley Scott",
    "Cynthia Sikes",
    "Steven P. Wegner",
    "Bud Yorkin",
    "Ridley Scott",
  ],
  "production_companies": Array [
    "Alcon Entertainment",
    "Scott Free Productions",
    "Warner Bros.",
    "Thunderbird Films",
    "Torridon Films",
  ],
  "production_countries": Array [
    "United States of America",
  ],
  "release_date": "2017-10-04",
  "revenue": 156551405,
  "runtime": 163,
  "spoken_languages": Array [
    "English",
  ],
  "status": "Released",
  "tagline": "",
  "title": "Blade Runner 2049",
  "tmdb_id": 335984,
  "video": false,
  "vote_average": 7.7,
  "vote_count": 986,
  "writer": Array [
    "Hampton Fancher",
    "Michael Green",
  ],
}
`;
