// Jest Snapshot v1, https://goo.gl/fbAQLP

exports[`#movieSimplify should simplify a movies structure 1`] = `
Object {
  "added": 1507536210,
  "cast": Array [
    "Edward Norton",
    "Brad Pitt",
  ],
  "director": Array [],
  "genres": Array [
    "Drama",
  ],
  "ids": Object {
    "imdb": "tt0137523",
    "tmdb": "550",
  },
  "images": Object {
    "backdrop": "/fCayJrkfRaCRCTh8GqN30f8oyQF.jpg",
    "poster": null,
  },
  "languages": Array [
    "English",
  ],
  "music": Array [],
  "overview": "A ticking-time-bomb insomniac and a slippery soap salesman channel primal male aggression into a shocking new form of therapy. Their concept catches on, with underground \\"fight clubs\\" forming in every town, until an eccentric gets in the way and ignites an out-of-control spiral toward oblivion.",
  "producer": Array [],
  "production_companies": Array [
    "20th Century Fox",
  ],
  "production_countries": Array [
    Object {
      "iso_3166_1": "US",
      "name": "United States of America",
    },
  ],
  "release_date": "1999-10-12",
  "runtime": 139,
  "tagline": "How much can you know about yourself if you've never been in a fight?",
  "title": "Fight Club",
  "writer": Array [
    "Jim Uhls",
  ],
  "year": "1999",
}
`;
